{"run_id": "f93081127833474c_T1592_001", "job_id": "bronze-sweep-20260427", "job_name": "Bronze Technique Promotion Sweep", "finished_at": "2026-04-27T10:00:50.745089+00:00", "exit_code": 0, "sandbox": "docker-network-none-cap-drop-all", "stdout": "PathToAtomicsFolder = /opt/atomic-red-team/atomics\nExecuting test: T1592.001\nLinux 88f32e33f437 6.12.74+deb12-amd64 #1 SMP PREEMPT_DYNAMIC Debian 6.12.74-2~bpo12+1 (2026-03-13) x86_64 GNU/Linux\nprocessor\t: 0\nvendor_id\t: GenuineIntel\ncpu family\t: 6\nmodel\t\t: 186\nmodel name\t: 13th Gen Intel(R) Core(TM) i7-1355U\nstepping\t: 3\nmicrocode\t: 0x6134\ncpu MHz\t\t: 1922.578\n               total        used        free      shared  buff/cache   available\nMem:           7.4Gi       5.3Gi       368Mi       475Mi       2.5Gi       2.1Gi\nSwap:           23Gi        11Gi        12Gi\nFilesystem      Size  Used Avail Use% Mounted on\noverlay         460G  386G   51G  89% /\ntmpfs            64M     0   64M   0% /dev\nshm              64M     0   64M   0% /dev/shm\n/dev/nvme0n1p2  460G  386G   51G  89% /app/config\n", "stdout_sha256": "f722e1f2caa3a3b9481862100a120d79c15851de2247246a17006dedf6b8a1a5"}